------------------------------------------------------------
Timing Analyzer Summary
------------------------------------------------------------

Type  : Slow 1200mV 85C Model Setup 'clk|altpll_component|auto_generated|pll1|clk[0]'
Slack : 16.169
TNS   : 0.000

Type  : Slow 1200mV 85C Model Hold 'clk|altpll_component|auto_generated|pll1|clk[0]'
Slack : 0.501
TNS   : 0.000

Type  : Slow 1200mV 85C Model Minimum Pulse Width 'clock'
Slack : 9.820
TNS   : 0.000

Type  : Slow 1200mV 85C Model Minimum Pulse Width 'clk|altpll_component|auto_generated|pll1|clk[0]'
Slack : 12.223
TNS   : 0.000

Type  : Slow 1200mV 0C Model Setup 'clk|altpll_component|auto_generated|pll1|clk[0]'
Slack : 16.935
TNS   : 0.000

Type  : Slow 1200mV 0C Model Hold 'clk|altpll_component|auto_generated|pll1|clk[0]'
Slack : 0.422
TNS   : 0.000

Type  : Slow 1200mV 0C Model Minimum Pulse Width 'clock'
Slack : 9.830
TNS   : 0.000

Type  : Slow 1200mV 0C Model Minimum Pulse Width 'clk|altpll_component|auto_generated|pll1|clk[0]'
Slack : 12.212
TNS   : 0.000

Type  : Fast 1200mV 0C Model Setup 'clk|altpll_component|auto_generated|pll1|clk[0]'
Slack : 21.345
TNS   : 0.000

Type  : Fast 1200mV 0C Model Hold 'clk|altpll_component|auto_generated|pll1|clk[0]'
Slack : 0.220
TNS   : 0.000

Type  : Fast 1200mV 0C Model Minimum Pulse Width 'clock'
Slack : 9.530
TNS   : 0.000

Type  : Fast 1200mV 0C Model Minimum Pulse Width 'clk|altpll_component|auto_generated|pll1|clk[0]'
Slack : 12.303
TNS   : 0.000

------------------------------------------------------------
