------------------------------------------------------------
Timing Analyzer Summary
------------------------------------------------------------

Type  : Slow 1200mV 85C Model Setup 'clk|altpll_component|auto_generated|pll1|clk[0]'
Slack : 0.178
TNS   : 0.000

Type  : Slow 1200mV 85C Model Hold 'clk|altpll_component|auto_generated|pll1|clk[0]'
Slack : 0.486
TNS   : 0.000

Type  : Slow 1200mV 85C Model Minimum Pulse Width 'clock'
Slack : 9.820
TNS   : 0.000

Type  : Slow 1200mV 85C Model Minimum Pulse Width 'clk|altpll_component|auto_generated|pll1|clk[0]'
Slack : 12.080
TNS   : 0.000

Type  : Slow 1200mV 0C Model Setup 'clk|altpll_component|auto_generated|pll1|clk[0]'
Slack : 2.394
TNS   : 0.000

Type  : Slow 1200mV 0C Model Hold 'clk|altpll_component|auto_generated|pll1|clk[0]'
Slack : 0.407
TNS   : 0.000

Type  : Slow 1200mV 0C Model Minimum Pulse Width 'clock'
Slack : 9.830
TNS   : 0.000

Type  : Slow 1200mV 0C Model Minimum Pulse Width 'clk|altpll_component|auto_generated|pll1|clk[0]'
Slack : 12.098
TNS   : 0.000

Type  : Fast 1200mV 0C Model Setup 'clk|altpll_component|auto_generated|pll1|clk[0]'
Slack : 14.505
TNS   : 0.000

Type  : Fast 1200mV 0C Model Hold 'clk|altpll_component|auto_generated|pll1|clk[0]'
Slack : 0.218
TNS   : 0.000

Type  : Fast 1200mV 0C Model Minimum Pulse Width 'clock'
Slack : 9.530
TNS   : 0.000

Type  : Fast 1200mV 0C Model Minimum Pulse Width 'clk|altpll_component|auto_generated|pll1|clk[0]'
Slack : 12.261
TNS   : 0.000

------------------------------------------------------------
